
Here end the margin (1 tab)

  Here are 2 space more
Here the margin is replaced by 8 spaces (assuming $tabstop=8)
